2026-05-19 10:34:42 | INFO     | __main__:executer_eda:229 - ============================================================
2026-05-19 10:34:42 | INFO     | __main__:executer_eda:230 - 📊 DEBUT ANALYSE EXPLORATOIRE
2026-05-19 10:34:42 | INFO     | __main__:executer_eda:231 - ============================================================
2026-05-19 10:34:42 | INFO     | __main__:charger_donnees:52 - ✓ Observations chargées : 9997
2026-05-19 10:34:42 | INFO     | __main__:charger_donnees:53 - ✓ Grille chargée : 283920
2026-05-19 10:34:42 | INFO     | __main__:executer_eda:243 - 
--- SAISONNALITE ---
2026-05-19 10:34:42 | INFO     | __main__:analyser_saisonnalite:59 - 📊 Analyse saisonnalité...
2026-05-19 10:34:43 | INFO     | __main__:analyser_saisonnalite:91 -   ✓ Graphique saisonnalité sauvegardé
2026-05-19 10:34:43 | INFO     | __main__:executer_eda:246 - 
--- CARTE DENSITE ---
2026-05-19 10:34:43 | INFO     | __main__:executer_eda:249 - 
--- TESTS STATISTIQUES ---
2026-05-19 10:34:43 | INFO     | __main__:test_independance_chi2:203 - 📈 Tests d'indépendance (χ²)...
2026-05-19 10:34:43 | INFO     | __main__:test_independance_chi2:213 -   χ² = 0.0000, p-value = 1.00e+00, ddl = 0
2026-05-19 10:34:43 | INFO     | __main__:test_independance_chi2:218 -   ✗ Pas de saisonnalité significative
2026-05-19 10:34:43 | INFO     | __main__:executer_eda:252 - 
============================================================
2026-05-19 10:34:43 | INFO     | __main__:executer_eda:253 - ✓ EXPLORATION TERMINEE
2026-05-19 10:34:43 | INFO     | __main__:executer_eda:254 - Sorties : C:\Users\Administrateur\Documents\Projet_RNCP\oiseaux_migrateurs_npdc\outputs\eda
2026-05-19 10:34:43 | INFO     | __main__:executer_eda:255 - ============================================================
