2026-05-19 11:00:03 | INFO     | __main__:executer_entrainement:150 - ============================================================
2026-05-19 11:00:03 | INFO     | __main__:executer_entrainement:151 - 🚀 DEBUT ENTRAINEMENT MODELES ML
2026-05-19 11:00:03 | INFO     | __main__:executer_entrainement:152 - ============================================================
2026-05-19 11:00:03 | INFO     | __main__:executer_entrainement:163 - ✓ Grille chargée : 1135680 lignes
2026-05-19 11:00:03 | INFO     | __main__:executer_entrainement:169 - ✓ Météo chargée : 3653 lignes
2026-05-19 11:00:03 | INFO     | __main__:preparer_features:39 - 🔧 Préparation features...
2026-05-19 11:00:03 | INFO     | __main__:preparer_features:50 -   Fusion des variables météo hebdomadaires...
2026-05-19 11:00:03 | INFO     | __main__:preparer_features:72 -   Variables météo ajoutées : ['temperature_max', 'temperature_min', 'temperature_moyenne', 'precipitation_sum', 'vent_max', 'humidite_moyenne', 'pression_moyenne']
2026-05-19 11:00:03 | INFO     | __main__:preparer_features:83 -   Features retenues : ['annee', 'semaine', 'lat_discrete', 'lon_discrete', 'temperature_max', 'temperature_min', 'temperature_moyenne', 'precipitation_sum', 'vent_max', 'humidite_moyenne', 'pression_moyenne']
2026-05-19 11:00:03 | INFO     | __main__:preparer_features:84 -   Shape X : (1135680, 11)
2026-05-19 11:00:03 | INFO     | __main__:preparer_features:85 -   Distribution y : {0: 1119760, 1: 15920}
2026-05-19 11:00:04 | INFO     | __main__:executer_entrainement:184 - 
✓ Split données :
2026-05-19 11:00:04 | INFO     | __main__:executer_entrainement:185 -   Train : 908544 | Test : 227136
2026-05-19 11:00:04 | INFO     | __main__:executer_entrainement:186 -   Distribution train : {0: 895808, 1: 12736}
2026-05-19 11:00:04 | INFO     | __main__:executer_entrainement:187 -   Distribution test : {0: 223952, 1: 3184}
2026-05-19 11:00:04 | INFO     | __main__:entrainer_modeles:92 - ============================================================
2026-05-19 11:00:04 | INFO     | __main__:entrainer_modeles:93 - 🤖 ENTRAINEMENT MODELES
2026-05-19 11:00:04 | INFO     | __main__:entrainer_modeles:94 - ============================================================
2026-05-19 11:00:04 | INFO     | __main__:entrainer_modeles:100 - 
📦 Entraînement XGBoost...
2026-05-19 11:00:08 | INFO     | modeles:evaluator_modele:96 - 📊 Évaluation modèle : xgboost
2026-05-19 11:00:08 | INFO     | modeles:evaluator_modele:123 -   Accuracy : 0.9864
2026-05-19 11:00:08 | INFO     | modeles:evaluator_modele:124 -   F1-Score : 0.0973
2026-05-19 11:00:08 | INFO     | modeles:evaluator_modele:126 -   AUC-ROC  : 0.9427
2026-05-19 11:00:08 | INFO     | modeles:sauvegarder_modele:54 - ✓ Modèle sauvegardé : C:\Users\Administrateur\Documents\Projet_RNCP\oiseaux_migrateurs_npdc\modeles\pipeline_ml.pkl
2026-05-19 11:00:08 | DEBUG    | modeles:_sauvegarder_metadata:149 - Metadata sauvegardée : pipeline_ml_metadata.json
2026-05-19 11:00:08 | INFO     | __main__:entrainer_modeles:116 - 
🌲 Entraînement Random Forest...
2026-05-19 11:00:54 | INFO     | modeles:evaluator_modele:96 - 📊 Évaluation modèle : random_forest
2026-05-19 11:00:57 | INFO     | modeles:evaluator_modele:123 -   Accuracy : 0.9860
2026-05-19 11:00:57 | INFO     | modeles:evaluator_modele:124 -   F1-Score : 0.0000
2026-05-19 11:00:57 | INFO     | modeles:evaluator_modele:126 -   AUC-ROC  : 0.9355
2026-05-19 11:00:57 | INFO     | modeles:sauvegarder_modele:54 - ✓ Modèle sauvegardé : C:\Users\Administrateur\Documents\Projet_RNCP\oiseaux_migrateurs_npdc\modeles\random_forest.pkl
2026-05-19 11:00:57 | DEBUG    | modeles:_sauvegarder_metadata:149 - Metadata sauvegardée : random_forest_metadata.json
2026-05-19 11:00:57 | INFO     | __main__:entrainer_modeles:130 - 
📈 Entraînement Logistic Regression...
2026-05-19 11:00:57 | INFO     | modeles:evaluator_modele:96 - 📊 Évaluation modèle : logistic_regression
2026-05-19 11:00:58 | INFO     | modeles:evaluator_modele:123 -   Accuracy : 0.9860
2026-05-19 11:00:58 | INFO     | modeles:evaluator_modele:124 -   F1-Score : 0.0000
2026-05-19 11:00:58 | INFO     | modeles:evaluator_modele:126 -   AUC-ROC  : 0.8543
2026-05-19 11:00:58 | INFO     | modeles:sauvegarder_modele:54 - ✓ Modèle sauvegardé : C:\Users\Administrateur\Documents\Projet_RNCP\oiseaux_migrateurs_npdc\modeles\logistic_regression.pkl
2026-05-19 11:00:58 | DEBUG    | modeles:_sauvegarder_metadata:149 - Metadata sauvegardée : logistic_regression_metadata.json
2026-05-19 11:00:58 | INFO     | __main__:entrainer_modeles:142 - 

2026-05-19 11:00:58 | INFO     | modeles:comparer_modeles:175 - 
============================================================
2026-05-19 11:00:58 | INFO     | modeles:comparer_modeles:176 - 📊 COMPARAISON MODELES
2026-05-19 11:00:58 | INFO     | modeles:comparer_modeles:177 - ============================================================
2026-05-19 11:00:58 | INFO     | modeles:comparer_modeles:178 -                     accuracy  f1_score   auc_roc        tn    fp      fn     tp
XGBoost             0.986444  0.097332  0.942693  223891.0  61.0  3018.0  166.0
RandomForest        0.985982  0.000000  0.935477  223952.0   0.0  3184.0    0.0
LogisticRegression  0.985982  0.000000  0.854342  223952.0   0.0  3184.0    0.0
2026-05-19 11:00:58 | INFO     | modeles:comparer_modeles:179 - ============================================================

2026-05-19 11:00:58 | INFO     | __main__:executer_entrainement:195 - 
✓ Comparaison sauvegardée : C:\Users\Administrateur\Documents\Projet_RNCP\oiseaux_migrateurs_npdc\modeles\evaluations.csv
2026-05-19 11:00:58 | INFO     | __main__:executer_entrainement:197 - 
============================================================
2026-05-19 11:00:58 | INFO     | __main__:executer_entrainement:198 - ✓ ENTRAINEMENT TERMINE
2026-05-19 11:00:58 | INFO     | __main__:executer_entrainement:199 - ============================================================
2026-05-19 11:00:58 | INFO     | __main__:executer_entrainement:200 - Modèles disponibles dans : C:\Users\Administrateur\Documents\Projet_RNCP\oiseaux_migrateurs_npdc\modeles
2026-05-19 11:00:58 | INFO     | __main__:executer_entrainement:201 -   - pipeline_ml.pkl (XGBoost)
2026-05-19 11:00:58 | INFO     | __main__:executer_entrainement:202 -   - random_forest.pkl
2026-05-19 11:00:58 | INFO     | __main__:executer_entrainement:203 -   - logistic_regression.pkl
