2026-03-03 16:46:24 | INFO     | __main__:executer_nettoyage:183 - ============================================================
2026-03-03 16:46:24 | INFO     | __main__:executer_nettoyage:184 - 🧹 DEBUT NETTOYAGE ET ETL
2026-03-03 16:46:24 | INFO     | __main__:executer_nettoyage:185 - ============================================================
2026-03-03 16:46:24 | INFO     | __main__:charger_et_nettoyer:38 - 📂 Chargement observations : observations_gbif.csv
2026-03-03 16:46:24 | INFO     | __main__:charger_et_nettoyer:59 -   Observations initiales : 10000
2026-03-03 16:46:24 | INFO     | __main__:charger_et_nettoyer:67 -   Après suppression nulls : 10000 (-0)
2026-03-03 16:46:24 | INFO     | __main__:charger_et_nettoyer:71 -   Après validation coords : 10000 (-0)
2026-03-03 16:46:24 | INFO     | __main__:charger_et_nettoyer:75 -   Après filtrage région : 10000
2026-03-03 16:46:24 | INFO     | __main__:charger_et_nettoyer:87 -   Après suppression doublons : 12 (-0)
2026-03-03 16:46:24 | INFO     | __main__:executer_nettoyage:215 - ✓ Observations nettoyées sauvegardées
2026-03-03 16:46:24 | INFO     | __main__:creer_grille_hebdomadaire:134 - 📊 Création grille hebdomadaire...
2026-03-03 16:46:24 | INFO     | __main__:creer_grille_hebdomadaire:175 -   Grille créée : 21840 lignes
2026-03-03 16:46:24 | INFO     | __main__:creer_grille_hebdomadaire:176 -   Équilibre classes : {0: 21829, 1: 11}
2026-03-03 16:46:24 | INFO     | __main__:executer_nettoyage:224 - ✓ Grille hebdomadaire sauvegardée
2026-03-03 16:46:24 | INFO     | __main__:executer_nettoyage:227 - ============================================================
2026-03-03 16:46:24 | INFO     | __main__:executer_nettoyage:228 - 📈 STATISTIQUES FINALES
2026-03-03 16:46:24 | INFO     | __main__:executer_nettoyage:229 - ============================================================
2026-03-03 16:46:24 | INFO     | __main__:executer_nettoyage:230 - Total observations nettoyées : 12
2026-03-03 16:46:24 | INFO     | __main__:executer_nettoyage:231 - Espèces : 1
2026-03-03 16:46:24 | INFO     | __main__:executer_nettoyage:232 - Plage temporelle : 2020-09-21 12:03:17 à 2024-10-15 13:27:27
2026-03-03 16:46:24 | INFO     | __main__:executer_nettoyage:233 - Zone géographique : 50.13°N à 51.29°N
2026-03-03 16:46:24 | INFO     | __main__:executer_nettoyage:235 - ============================================================
2026-03-03 16:46:24 | INFO     | __main__:executer_nettoyage:236 - ✓ NETTOYAGE TERMINE
2026-03-03 16:46:24 | INFO     | __main__:executer_nettoyage:237 - ============================================================
