2026-05-19 10:39:36 | INFO     | __main__:executer_acquisition:200 - ============================================================
2026-05-19 10:39:36 | INFO     | __main__:executer_acquisition:201 - 🌍 DEBUT ACQUISITION DONNEES
2026-05-19 10:39:36 | INFO     | __main__:executer_acquisition:202 - ============================================================
2026-05-19 10:39:36 | INFO     | __main__:telecharger_observations_espece:61 - 🐦 Téléchargement Hirondelle rustique...
2026-05-19 10:39:37 | DEBUG    | __main__:telecharger_observations_espece:97 -   ✓ Récupéré 300 observations
2026-05-19 10:39:39 | DEBUG    | __main__:telecharger_observations_espece:97 -   ✓ Récupéré 600 observations
2026-05-19 10:39:41 | DEBUG    | __main__:telecharger_observations_espece:97 -   ✓ Récupéré 900 observations
2026-05-19 10:39:43 | DEBUG    | __main__:telecharger_observations_espece:97 -   ✓ Récupéré 1200 observations
2026-05-19 10:39:45 | DEBUG    | __main__:telecharger_observations_espece:97 -   ✓ Récupéré 1500 observations
2026-05-19 10:39:47 | DEBUG    | __main__:telecharger_observations_espece:97 -   ✓ Récupéré 1800 observations
2026-05-19 10:39:50 | DEBUG    | __main__:telecharger_observations_espece:97 -   ✓ Récupéré 2100 observations
2026-05-19 10:39:51 | DEBUG    | __main__:telecharger_observations_espece:97 -   ✓ Récupéré 2400 observations
2026-05-19 10:39:54 | DEBUG    | __main__:telecharger_observations_espece:97 -   ✓ Récupéré 2700 observations
2026-05-19 10:39:56 | DEBUG    | __main__:telecharger_observations_espece:97 -   ✓ Récupéré 3000 observations
2026-05-19 10:39:57 | DEBUG    | __main__:telecharger_observations_espece:97 -   ✓ Récupéré 3300 observations
2026-05-19 10:39:59 | DEBUG    | __main__:telecharger_observations_espece:97 -   ✓ Récupéré 3600 observations
2026-05-19 10:40:01 | DEBUG    | __main__:telecharger_observations_espece:97 -   ✓ Récupéré 3900 observations
2026-05-19 10:40:03 | DEBUG    | __main__:telecharger_observations_espece:97 -   ✓ Récupéré 4200 observations
2026-05-19 10:40:05 | DEBUG    | __main__:telecharger_observations_espece:97 -   ✓ Récupéré 4500 observations
2026-05-19 10:40:07 | DEBUG    | __main__:telecharger_observations_espece:97 -   ✓ Récupéré 4800 observations
2026-05-19 10:40:09 | DEBUG    | __main__:telecharger_observations_espece:97 -   ✓ Récupéré 5100 observations
2026-05-19 10:40:11 | DEBUG    | __main__:telecharger_observations_espece:97 -   ✓ Récupéré 5400 observations
2026-05-19 10:40:12 | DEBUG    | __main__:telecharger_observations_espece:97 -   ✓ Récupéré 5700 observations
2026-05-19 10:40:14 | DEBUG    | __main__:telecharger_observations_espece:97 -   ✓ Récupéré 6000 observations
2026-05-19 10:40:16 | DEBUG    | __main__:telecharger_observations_espece:97 -   ✓ Récupéré 6300 observations
2026-05-19 10:40:18 | DEBUG    | __main__:telecharger_observations_espece:97 -   ✓ Récupéré 6600 observations
2026-05-19 10:40:19 | DEBUG    | __main__:telecharger_observations_espece:97 -   ✓ Récupéré 6900 observations
2026-05-19 10:40:21 | DEBUG    | __main__:telecharger_observations_espece:97 -   ✓ Récupéré 7200 observations
2026-05-19 10:40:23 | DEBUG    | __main__:telecharger_observations_espece:97 -   ✓ Récupéré 7500 observations
2026-05-19 10:40:25 | DEBUG    | __main__:telecharger_observations_espece:97 -   ✓ Récupéré 7800 observations
2026-05-19 10:40:27 | DEBUG    | __main__:telecharger_observations_espece:97 -   ✓ Récupéré 8100 observations
2026-05-19 10:40:28 | DEBUG    | __main__:telecharger_observations_espece:97 -   ✓ Récupéré 8400 observations
2026-05-19 10:40:30 | DEBUG    | __main__:telecharger_observations_espece:97 -   ✓ Récupéré 8700 observations
2026-05-19 10:40:32 | DEBUG    | __main__:telecharger_observations_espece:97 -   ✓ Récupéré 9000 observations
2026-05-19 10:40:34 | DEBUG    | __main__:telecharger_observations_espece:97 -   ✓ Récupéré 9300 observations
2026-05-19 10:40:35 | DEBUG    | __main__:telecharger_observations_espece:97 -   ✓ Récupéré 9600 observations
2026-05-19 10:40:37 | DEBUG    | __main__:telecharger_observations_espece:97 -   ✓ Récupéré 9900 observations
2026-05-19 10:40:39 | DEBUG    | __main__:telecharger_observations_espece:97 -   ✓ Récupéré 10000 observations
2026-05-19 10:40:40 | INFO     | __main__:telecharger_observations_espece:110 -   ✓ 10000 observations téléchargées pour Hirondelle rustique
2026-05-19 10:40:40 | INFO     | __main__:telecharger_observations_espece:61 - 🐦 Téléchargement Cigogne blanche...
2026-05-19 10:40:41 | DEBUG    | __main__:telecharger_observations_espece:97 -   ✓ Récupéré 300 observations
2026-05-19 10:40:43 | DEBUG    | __main__:telecharger_observations_espece:97 -   ✓ Récupéré 600 observations
2026-05-19 10:40:45 | DEBUG    | __main__:telecharger_observations_espece:97 -   ✓ Récupéré 900 observations
2026-05-19 10:40:47 | DEBUG    | __main__:telecharger_observations_espece:97 -   ✓ Récupéré 1200 observations
2026-05-19 10:40:49 | DEBUG    | __main__:telecharger_observations_espece:97 -   ✓ Récupéré 1500 observations
2026-05-19 10:40:50 | DEBUG    | __main__:telecharger_observations_espece:97 -   ✓ Récupéré 1800 observations
2026-05-19 10:40:52 | DEBUG    | __main__:telecharger_observations_espece:97 -   ✓ Récupéré 2100 observations
2026-05-19 10:40:54 | DEBUG    | __main__:telecharger_observations_espece:97 -   ✓ Récupéré 2400 observations
2026-05-19 10:40:56 | DEBUG    | __main__:telecharger_observations_espece:97 -   ✓ Récupéré 2700 observations
2026-05-19 10:40:58 | DEBUG    | __main__:telecharger_observations_espece:97 -   ✓ Récupéré 3000 observations
2026-05-19 10:41:00 | DEBUG    | __main__:telecharger_observations_espece:97 -   ✓ Récupéré 3300 observations
2026-05-19 10:41:02 | DEBUG    | __main__:telecharger_observations_espece:97 -   ✓ Récupéré 3600 observations
2026-05-19 10:41:04 | DEBUG    | __main__:telecharger_observations_espece:97 -   ✓ Récupéré 3900 observations
2026-05-19 10:41:05 | DEBUG    | __main__:telecharger_observations_espece:97 -   ✓ Récupéré 4200 observations
2026-05-19 10:41:07 | DEBUG    | __main__:telecharger_observations_espece:97 -   ✓ Récupéré 4500 observations
2026-05-19 10:41:09 | DEBUG    | __main__:telecharger_observations_espece:97 -   ✓ Récupéré 4800 observations
2026-05-19 10:41:11 | DEBUG    | __main__:telecharger_observations_espece:97 -   ✓ Récupéré 5100 observations
2026-05-19 10:41:13 | DEBUG    | __main__:telecharger_observations_espece:97 -   ✓ Récupéré 5400 observations
2026-05-19 10:41:15 | DEBUG    | __main__:telecharger_observations_espece:97 -   ✓ Récupéré 5700 observations
2026-05-19 10:41:16 | DEBUG    | __main__:telecharger_observations_espece:97 -   ✓ Récupéré 6000 observations
2026-05-19 10:41:19 | DEBUG    | __main__:telecharger_observations_espece:97 -   ✓ Récupéré 6300 observations
2026-05-19 10:41:21 | DEBUG    | __main__:telecharger_observations_espece:97 -   ✓ Récupéré 6600 observations
2026-05-19 10:41:22 | DEBUG    | __main__:telecharger_observations_espece:97 -   ✓ Récupéré 6900 observations
2026-05-19 10:41:24 | DEBUG    | __main__:telecharger_observations_espece:97 -   ✓ Récupéré 7200 observations
2026-05-19 10:41:26 | DEBUG    | __main__:telecharger_observations_espece:97 -   ✓ Récupéré 7500 observations
2026-05-19 10:41:28 | DEBUG    | __main__:telecharger_observations_espece:97 -   ✓ Récupéré 7800 observations
2026-05-19 10:41:30 | DEBUG    | __main__:telecharger_observations_espece:97 -   ✓ Récupéré 8100 observations
2026-05-19 10:41:32 | DEBUG    | __main__:telecharger_observations_espece:97 -   ✓ Récupéré 8400 observations
2026-05-19 10:41:33 | DEBUG    | __main__:telecharger_observations_espece:97 -   ✓ Récupéré 8700 observations
2026-05-19 10:41:35 | DEBUG    | __main__:telecharger_observations_espece:97 -   ✓ Récupéré 9000 observations
2026-05-19 10:41:37 | DEBUG    | __main__:telecharger_observations_espece:97 -   ✓ Récupéré 9300 observations
2026-05-19 10:41:39 | DEBUG    | __main__:telecharger_observations_espece:97 -   ✓ Récupéré 9600 observations
2026-05-19 10:41:41 | DEBUG    | __main__:telecharger_observations_espece:97 -   ✓ Récupéré 9900 observations
2026-05-19 10:41:43 | DEBUG    | __main__:telecharger_observations_espece:97 -   ✓ Récupéré 10000 observations
2026-05-19 10:41:44 | INFO     | __main__:telecharger_observations_espece:110 -   ✓ 10000 observations téléchargées pour Cigogne blanche
2026-05-19 10:41:44 | INFO     | __main__:telecharger_observations_espece:61 - 🐦 Téléchargement Martinet noir...
2026-05-19 10:41:45 | DEBUG    | __main__:telecharger_observations_espece:97 -   ✓ Récupéré 300 observations
2026-05-19 10:41:46 | DEBUG    | __main__:telecharger_observations_espece:97 -   ✓ Récupéré 600 observations
2026-05-19 10:41:48 | DEBUG    | __main__:telecharger_observations_espece:97 -   ✓ Récupéré 900 observations
2026-05-19 10:41:50 | DEBUG    | __main__:telecharger_observations_espece:97 -   ✓ Récupéré 1200 observations
2026-05-19 10:41:52 | DEBUG    | __main__:telecharger_observations_espece:97 -   ✓ Récupéré 1500 observations
2026-05-19 10:41:54 | DEBUG    | __main__:telecharger_observations_espece:97 -   ✓ Récupéré 1800 observations
2026-05-19 10:41:56 | DEBUG    | __main__:telecharger_observations_espece:97 -   ✓ Récupéré 2100 observations
2026-05-19 10:41:58 | DEBUG    | __main__:telecharger_observations_espece:97 -   ✓ Récupéré 2400 observations
2026-05-19 10:42:00 | DEBUG    | __main__:telecharger_observations_espece:97 -   ✓ Récupéré 2700 observations
2026-05-19 10:42:02 | DEBUG    | __main__:telecharger_observations_espece:97 -   ✓ Récupéré 3000 observations
2026-05-19 10:42:04 | DEBUG    | __main__:telecharger_observations_espece:97 -   ✓ Récupéré 3300 observations
2026-05-19 10:42:06 | DEBUG    | __main__:telecharger_observations_espece:97 -   ✓ Récupéré 3600 observations
2026-05-19 10:42:07 | DEBUG    | __main__:telecharger_observations_espece:97 -   ✓ Récupéré 3900 observations
2026-05-19 10:42:09 | DEBUG    | __main__:telecharger_observations_espece:97 -   ✓ Récupéré 4200 observations
2026-05-19 10:42:11 | DEBUG    | __main__:telecharger_observations_espece:97 -   ✓ Récupéré 4500 observations
2026-05-19 10:42:13 | DEBUG    | __main__:telecharger_observations_espece:97 -   ✓ Récupéré 4800 observations
2026-05-19 10:42:15 | DEBUG    | __main__:telecharger_observations_espece:97 -   ✓ Récupéré 5100 observations
2026-05-19 10:42:16 | DEBUG    | __main__:telecharger_observations_espece:97 -   ✓ Récupéré 5400 observations
2026-05-19 10:42:18 | DEBUG    | __main__:telecharger_observations_espece:97 -   ✓ Récupéré 5700 observations
2026-05-19 10:42:20 | DEBUG    | __main__:telecharger_observations_espece:97 -   ✓ Récupéré 6000 observations
2026-05-19 10:42:22 | DEBUG    | __main__:telecharger_observations_espece:97 -   ✓ Récupéré 6300 observations
2026-05-19 10:42:24 | DEBUG    | __main__:telecharger_observations_espece:97 -   ✓ Récupéré 6600 observations
2026-05-19 10:42:26 | DEBUG    | __main__:telecharger_observations_espece:97 -   ✓ Récupéré 6900 observations
2026-05-19 10:42:28 | DEBUG    | __main__:telecharger_observations_espece:97 -   ✓ Récupéré 7200 observations
2026-05-19 10:42:29 | DEBUG    | __main__:telecharger_observations_espece:97 -   ✓ Récupéré 7500 observations
2026-05-19 10:42:31 | DEBUG    | __main__:telecharger_observations_espece:97 -   ✓ Récupéré 7800 observations
2026-05-19 10:42:33 | DEBUG    | __main__:telecharger_observations_espece:97 -   ✓ Récupéré 8100 observations
2026-05-19 10:42:34 | DEBUG    | __main__:telecharger_observations_espece:97 -   ✓ Récupéré 8400 observations
2026-05-19 10:42:36 | DEBUG    | __main__:telecharger_observations_espece:97 -   ✓ Récupéré 8700 observations
2026-05-19 10:42:38 | DEBUG    | __main__:telecharger_observations_espece:97 -   ✓ Récupéré 9000 observations
2026-05-19 10:42:40 | DEBUG    | __main__:telecharger_observations_espece:97 -   ✓ Récupéré 9300 observations
2026-05-19 10:42:41 | DEBUG    | __main__:telecharger_observations_espece:97 -   ✓ Récupéré 9600 observations
2026-05-19 10:42:43 | DEBUG    | __main__:telecharger_observations_espece:97 -   ✓ Récupéré 9900 observations
2026-05-19 10:42:45 | DEBUG    | __main__:telecharger_observations_espece:97 -   ✓ Récupéré 10000 observations
2026-05-19 10:42:46 | INFO     | __main__:telecharger_observations_espece:110 -   ✓ 10000 observations téléchargées pour Martinet noir
2026-05-19 10:42:46 | INFO     | __main__:telecharger_observations_espece:61 - 🐦 Téléchargement Bergeronnette printanière...
2026-05-19 10:42:47 | DEBUG    | __main__:telecharger_observations_espece:97 -   ✓ Récupéré 300 observations
2026-05-19 10:42:49 | DEBUG    | __main__:telecharger_observations_espece:97 -   ✓ Récupéré 600 observations
2026-05-19 10:42:51 | DEBUG    | __main__:telecharger_observations_espece:97 -   ✓ Récupéré 900 observations
2026-05-19 10:42:53 | DEBUG    | __main__:telecharger_observations_espece:97 -   ✓ Récupéré 1200 observations
2026-05-19 10:42:55 | DEBUG    | __main__:telecharger_observations_espece:97 -   ✓ Récupéré 1500 observations
2026-05-19 10:42:56 | DEBUG    | __main__:telecharger_observations_espece:97 -   ✓ Récupéré 1800 observations
2026-05-19 10:42:58 | DEBUG    | __main__:telecharger_observations_espece:97 -   ✓ Récupéré 2100 observations
2026-05-19 10:43:00 | DEBUG    | __main__:telecharger_observations_espece:97 -   ✓ Récupéré 2400 observations
2026-05-19 10:43:02 | DEBUG    | __main__:telecharger_observations_espece:97 -   ✓ Récupéré 2700 observations
2026-05-19 10:43:04 | DEBUG    | __main__:telecharger_observations_espece:97 -   ✓ Récupéré 3000 observations
2026-05-19 10:43:06 | DEBUG    | __main__:telecharger_observations_espece:97 -   ✓ Récupéré 3300 observations
2026-05-19 10:43:08 | DEBUG    | __main__:telecharger_observations_espece:97 -   ✓ Récupéré 3600 observations
2026-05-19 10:43:10 | DEBUG    | __main__:telecharger_observations_espece:97 -   ✓ Récupéré 3900 observations
2026-05-19 10:43:12 | DEBUG    | __main__:telecharger_observations_espece:97 -   ✓ Récupéré 4200 observations
2026-05-19 10:43:13 | DEBUG    | __main__:telecharger_observations_espece:97 -   ✓ Récupéré 4500 observations
2026-05-19 10:43:15 | DEBUG    | __main__:telecharger_observations_espece:97 -   ✓ Récupéré 4800 observations
2026-05-19 10:43:17 | DEBUG    | __main__:telecharger_observations_espece:97 -   ✓ Récupéré 5100 observations
2026-05-19 10:43:19 | DEBUG    | __main__:telecharger_observations_espece:97 -   ✓ Récupéré 5400 observations
2026-05-19 10:43:21 | DEBUG    | __main__:telecharger_observations_espece:97 -   ✓ Récupéré 5700 observations
2026-05-19 10:43:22 | DEBUG    | __main__:telecharger_observations_espece:97 -   ✓ Récupéré 6000 observations
2026-05-19 10:43:24 | DEBUG    | __main__:telecharger_observations_espece:97 -   ✓ Récupéré 6300 observations
2026-05-19 10:43:26 | DEBUG    | __main__:telecharger_observations_espece:97 -   ✓ Récupéré 6600 observations
2026-05-19 10:43:27 | DEBUG    | __main__:telecharger_observations_espece:97 -   ✓ Récupéré 6900 observations
2026-05-19 10:43:29 | DEBUG    | __main__:telecharger_observations_espece:97 -   ✓ Récupéré 7200 observations
2026-05-19 10:43:31 | DEBUG    | __main__:telecharger_observations_espece:97 -   ✓ Récupéré 7500 observations
2026-05-19 10:43:33 | DEBUG    | __main__:telecharger_observations_espece:97 -   ✓ Récupéré 7800 observations
2026-05-19 10:43:34 | DEBUG    | __main__:telecharger_observations_espece:97 -   ✓ Récupéré 8100 observations
2026-05-19 10:43:36 | DEBUG    | __main__:telecharger_observations_espece:97 -   ✓ Récupéré 8400 observations
2026-05-19 10:43:38 | DEBUG    | __main__:telecharger_observations_espece:97 -   ✓ Récupéré 8700 observations
