2026-05-19 10:55:41 | INFO     | __main__:executer_acquisition:200 - ============================================================
2026-05-19 10:55:41 | INFO     | __main__:executer_acquisition:201 - 🌍 DEBUT ACQUISITION DONNEES
2026-05-19 10:55:41 | INFO     | __main__:executer_acquisition:202 - ============================================================
2026-05-19 10:55:41 | INFO     | __main__:telecharger_observations_espece:61 - 🐦 Téléchargement Hirondelle rustique...
2026-05-19 10:55:42 | DEBUG    | __main__:telecharger_observations_espece:97 -   ✓ Récupéré 300 observations
2026-05-19 10:55:43 | DEBUG    | __main__:telecharger_observations_espece:97 -   ✓ Récupéré 600 observations
2026-05-19 10:55:45 | DEBUG    | __main__:telecharger_observations_espece:97 -   ✓ Récupéré 900 observations
2026-05-19 10:55:47 | DEBUG    | __main__:telecharger_observations_espece:97 -   ✓ Récupéré 1200 observations
2026-05-19 10:55:49 | DEBUG    | __main__:telecharger_observations_espece:97 -   ✓ Récupéré 1500 observations
2026-05-19 10:55:50 | DEBUG    | __main__:telecharger_observations_espece:97 -   ✓ Récupéré 1800 observations
2026-05-19 10:55:52 | DEBUG    | __main__:telecharger_observations_espece:97 -   ✓ Récupéré 2100 observations
2026-05-19 10:55:54 | DEBUG    | __main__:telecharger_observations_espece:97 -   ✓ Récupéré 2400 observations
2026-05-19 10:55:55 | DEBUG    | __main__:telecharger_observations_espece:97 -   ✓ Récupéré 2700 observations
2026-05-19 10:55:57 | DEBUG    | __main__:telecharger_observations_espece:97 -   ✓ Récupéré 3000 observations
2026-05-19 10:55:59 | DEBUG    | __main__:telecharger_observations_espece:97 -   ✓ Récupéré 3300 observations
2026-05-19 10:56:01 | DEBUG    | __main__:telecharger_observations_espece:97 -   ✓ Récupéré 3600 observations
2026-05-19 10:56:03 | DEBUG    | __main__:telecharger_observations_espece:97 -   ✓ Récupéré 3900 observations
2026-05-19 10:56:04 | DEBUG    | __main__:telecharger_observations_espece:97 -   ✓ Récupéré 4200 observations
2026-05-19 10:56:06 | DEBUG    | __main__:telecharger_observations_espece:97 -   ✓ Récupéré 4500 observations
2026-05-19 10:56:08 | DEBUG    | __main__:telecharger_observations_espece:97 -   ✓ Récupéré 4800 observations
2026-05-19 10:56:09 | DEBUG    | __main__:telecharger_observations_espece:97 -   ✓ Récupéré 5100 observations
2026-05-19 10:56:11 | DEBUG    | __main__:telecharger_observations_espece:97 -   ✓ Récupéré 5400 observations
2026-05-19 10:56:13 | DEBUG    | __main__:telecharger_observations_espece:97 -   ✓ Récupéré 5700 observations
2026-05-19 10:56:15 | DEBUG    | __main__:telecharger_observations_espece:97 -   ✓ Récupéré 6000 observations
2026-05-19 10:56:17 | DEBUG    | __main__:telecharger_observations_espece:97 -   ✓ Récupéré 6300 observations
2026-05-19 10:56:18 | DEBUG    | __main__:telecharger_observations_espece:97 -   ✓ Récupéré 6600 observations
2026-05-19 10:56:20 | DEBUG    | __main__:telecharger_observations_espece:97 -   ✓ Récupéré 6900 observations
2026-05-19 10:56:22 | DEBUG    | __main__:telecharger_observations_espece:97 -   ✓ Récupéré 7200 observations
2026-05-19 10:56:24 | DEBUG    | __main__:telecharger_observations_espece:97 -   ✓ Récupéré 7500 observations
2026-05-19 10:56:26 | DEBUG    | __main__:telecharger_observations_espece:97 -   ✓ Récupéré 7800 observations
2026-05-19 10:56:27 | DEBUG    | __main__:telecharger_observations_espece:97 -   ✓ Récupéré 8100 observations
2026-05-19 10:56:29 | DEBUG    | __main__:telecharger_observations_espece:97 -   ✓ Récupéré 8400 observations
2026-05-19 10:56:31 | DEBUG    | __main__:telecharger_observations_espece:97 -   ✓ Récupéré 8700 observations
2026-05-19 10:56:32 | DEBUG    | __main__:telecharger_observations_espece:97 -   ✓ Récupéré 9000 observations
2026-05-19 10:56:34 | DEBUG    | __main__:telecharger_observations_espece:97 -   ✓ Récupéré 9300 observations
2026-05-19 10:56:36 | DEBUG    | __main__:telecharger_observations_espece:97 -   ✓ Récupéré 9600 observations
2026-05-19 10:56:38 | DEBUG    | __main__:telecharger_observations_espece:97 -   ✓ Récupéré 9900 observations
2026-05-19 10:56:39 | DEBUG    | __main__:telecharger_observations_espece:97 -   ✓ Récupéré 10000 observations
2026-05-19 10:56:40 | INFO     | __main__:telecharger_observations_espece:110 -   ✓ 10000 observations téléchargées pour Hirondelle rustique
2026-05-19 10:56:40 | INFO     | __main__:telecharger_observations_espece:61 - 🐦 Téléchargement Cigogne blanche...
2026-05-19 10:56:41 | DEBUG    | __main__:telecharger_observations_espece:97 -   ✓ Récupéré 300 observations
2026-05-19 10:56:43 | DEBUG    | __main__:telecharger_observations_espece:97 -   ✓ Récupéré 600 observations
2026-05-19 10:56:44 | DEBUG    | __main__:telecharger_observations_espece:97 -   ✓ Récupéré 900 observations
2026-05-19 10:56:46 | DEBUG    | __main__:telecharger_observations_espece:97 -   ✓ Récupéré 1200 observations
2026-05-19 10:56:48 | DEBUG    | __main__:telecharger_observations_espece:97 -   ✓ Récupéré 1500 observations
2026-05-19 10:56:49 | DEBUG    | __main__:telecharger_observations_espece:97 -   ✓ Récupéré 1800 observations
2026-05-19 10:56:51 | DEBUG    | __main__:telecharger_observations_espece:97 -   ✓ Récupéré 2100 observations
2026-05-19 10:56:52 | DEBUG    | __main__:telecharger_observations_espece:97 -   ✓ Récupéré 2400 observations
2026-05-19 10:56:54 | DEBUG    | __main__:telecharger_observations_espece:97 -   ✓ Récupéré 2700 observations
2026-05-19 10:56:56 | DEBUG    | __main__:telecharger_observations_espece:97 -   ✓ Récupéré 3000 observations
2026-05-19 10:56:57 | DEBUG    | __main__:telecharger_observations_espece:97 -   ✓ Récupéré 3300 observations
2026-05-19 10:57:00 | DEBUG    | __main__:telecharger_observations_espece:97 -   ✓ Récupéré 3600 observations
2026-05-19 10:57:01 | DEBUG    | __main__:telecharger_observations_espece:97 -   ✓ Récupéré 3900 observations
2026-05-19 10:57:03 | DEBUG    | __main__:telecharger_observations_espece:97 -   ✓ Récupéré 4200 observations
2026-05-19 10:57:05 | DEBUG    | __main__:telecharger_observations_espece:97 -   ✓ Récupéré 4500 observations
2026-05-19 10:57:06 | DEBUG    | __main__:telecharger_observations_espece:97 -   ✓ Récupéré 4800 observations
2026-05-19 10:57:08 | DEBUG    | __main__:telecharger_observations_espece:97 -   ✓ Récupéré 5100 observations
2026-05-19 10:57:10 | DEBUG    | __main__:telecharger_observations_espece:97 -   ✓ Récupéré 5400 observations
2026-05-19 10:57:11 | DEBUG    | __main__:telecharger_observations_espece:97 -   ✓ Récupéré 5700 observations
2026-05-19 10:57:13 | DEBUG    | __main__:telecharger_observations_espece:97 -   ✓ Récupéré 6000 observations
2026-05-19 10:57:15 | DEBUG    | __main__:telecharger_observations_espece:97 -   ✓ Récupéré 6300 observations
2026-05-19 10:57:17 | DEBUG    | __main__:telecharger_observations_espece:97 -   ✓ Récupéré 6600 observations
2026-05-19 10:57:18 | DEBUG    | __main__:telecharger_observations_espece:97 -   ✓ Récupéré 6900 observations
2026-05-19 10:57:20 | DEBUG    | __main__:telecharger_observations_espece:97 -   ✓ Récupéré 7200 observations
2026-05-19 10:57:22 | DEBUG    | __main__:telecharger_observations_espece:97 -   ✓ Récupéré 7500 observations
2026-05-19 10:57:23 | DEBUG    | __main__:telecharger_observations_espece:97 -   ✓ Récupéré 7800 observations
2026-05-19 10:57:25 | DEBUG    | __main__:telecharger_observations_espece:97 -   ✓ Récupéré 8100 observations
2026-05-19 10:57:27 | DEBUG    | __main__:telecharger_observations_espece:97 -   ✓ Récupéré 8400 observations
2026-05-19 10:57:29 | DEBUG    | __main__:telecharger_observations_espece:97 -   ✓ Récupéré 8700 observations
2026-05-19 10:57:30 | DEBUG    | __main__:telecharger_observations_espece:97 -   ✓ Récupéré 9000 observations
2026-05-19 10:57:32 | DEBUG    | __main__:telecharger_observations_espece:97 -   ✓ Récupéré 9300 observations
2026-05-19 10:57:34 | DEBUG    | __main__:telecharger_observations_espece:97 -   ✓ Récupéré 9600 observations
2026-05-19 10:57:36 | DEBUG    | __main__:telecharger_observations_espece:97 -   ✓ Récupéré 9900 observations
2026-05-19 10:57:37 | DEBUG    | __main__:telecharger_observations_espece:97 -   ✓ Récupéré 10000 observations
2026-05-19 10:57:38 | INFO     | __main__:telecharger_observations_espece:110 -   ✓ 10000 observations téléchargées pour Cigogne blanche
2026-05-19 10:57:38 | INFO     | __main__:telecharger_observations_espece:61 - 🐦 Téléchargement Martinet noir...
2026-05-19 10:57:39 | DEBUG    | __main__:telecharger_observations_espece:97 -   ✓ Récupéré 300 observations
2026-05-19 10:57:40 | DEBUG    | __main__:telecharger_observations_espece:97 -   ✓ Récupéré 600 observations
2026-05-19 10:57:42 | DEBUG    | __main__:telecharger_observations_espece:97 -   ✓ Récupéré 900 observations
2026-05-19 10:57:44 | DEBUG    | __main__:telecharger_observations_espece:97 -   ✓ Récupéré 1200 observations
2026-05-19 10:57:46 | DEBUG    | __main__:telecharger_observations_espece:97 -   ✓ Récupéré 1500 observations
2026-05-19 10:57:47 | DEBUG    | __main__:telecharger_observations_espece:97 -   ✓ Récupéré 1800 observations
2026-05-19 10:57:49 | DEBUG    | __main__:telecharger_observations_espece:97 -   ✓ Récupéré 2100 observations
2026-05-19 10:57:51 | DEBUG    | __main__:telecharger_observations_espece:97 -   ✓ Récupéré 2400 observations
2026-05-19 10:57:52 | DEBUG    | __main__:telecharger_observations_espece:97 -   ✓ Récupéré 2700 observations
2026-05-19 10:57:54 | DEBUG    | __main__:telecharger_observations_espece:97 -   ✓ Récupéré 3000 observations
2026-05-19 10:57:56 | DEBUG    | __main__:telecharger_observations_espece:97 -   ✓ Récupéré 3300 observations
2026-05-19 10:57:58 | DEBUG    | __main__:telecharger_observations_espece:97 -   ✓ Récupéré 3600 observations
2026-05-19 10:58:00 | DEBUG    | __main__:telecharger_observations_espece:97 -   ✓ Récupéré 3900 observations
2026-05-19 10:58:01 | DEBUG    | __main__:telecharger_observations_espece:97 -   ✓ Récupéré 4200 observations
2026-05-19 10:58:03 | DEBUG    | __main__:telecharger_observations_espece:97 -   ✓ Récupéré 4500 observations
2026-05-19 10:58:05 | DEBUG    | __main__:telecharger_observations_espece:97 -   ✓ Récupéré 4800 observations
2026-05-19 10:58:07 | DEBUG    | __main__:telecharger_observations_espece:97 -   ✓ Récupéré 5100 observations
2026-05-19 10:58:09 | DEBUG    | __main__:telecharger_observations_espece:97 -   ✓ Récupéré 5400 observations
2026-05-19 10:58:10 | DEBUG    | __main__:telecharger_observations_espece:97 -   ✓ Récupéré 5700 observations
2026-05-19 10:58:12 | DEBUG    | __main__:telecharger_observations_espece:97 -   ✓ Récupéré 6000 observations
2026-05-19 10:58:14 | DEBUG    | __main__:telecharger_observations_espece:97 -   ✓ Récupéré 6300 observations
2026-05-19 10:58:16 | DEBUG    | __main__:telecharger_observations_espece:97 -   ✓ Récupéré 6600 observations
2026-05-19 10:58:19 | DEBUG    | __main__:telecharger_observations_espece:97 -   ✓ Récupéré 6900 observations
2026-05-19 10:58:21 | DEBUG    | __main__:telecharger_observations_espece:97 -   ✓ Récupéré 7200 observations
2026-05-19 10:58:23 | DEBUG    | __main__:telecharger_observations_espece:97 -   ✓ Récupéré 7500 observations
2026-05-19 10:58:25 | DEBUG    | __main__:telecharger_observations_espece:97 -   ✓ Récupéré 7800 observations
2026-05-19 10:58:26 | DEBUG    | __main__:telecharger_observations_espece:97 -   ✓ Récupéré 8100 observations
2026-05-19 10:58:28 | DEBUG    | __main__:telecharger_observations_espece:97 -   ✓ Récupéré 8400 observations
2026-05-19 10:58:30 | DEBUG    | __main__:telecharger_observations_espece:97 -   ✓ Récupéré 8700 observations
2026-05-19 10:58:32 | DEBUG    | __main__:telecharger_observations_espece:97 -   ✓ Récupéré 9000 observations
2026-05-19 10:58:33 | DEBUG    | __main__:telecharger_observations_espece:97 -   ✓ Récupéré 9300 observations
2026-05-19 10:58:35 | DEBUG    | __main__:telecharger_observations_espece:97 -   ✓ Récupéré 9600 observations
2026-05-19 10:58:37 | DEBUG    | __main__:telecharger_observations_espece:97 -   ✓ Récupéré 9900 observations
2026-05-19 10:58:38 | DEBUG    | __main__:telecharger_observations_espece:97 -   ✓ Récupéré 10000 observations
2026-05-19 10:58:39 | INFO     | __main__:telecharger_observations_espece:110 -   ✓ 10000 observations téléchargées pour Martinet noir
2026-05-19 10:58:39 | INFO     | __main__:telecharger_observations_espece:61 - 🐦 Téléchargement Bergeronnette printanière...
2026-05-19 10:58:40 | DEBUG    | __main__:telecharger_observations_espece:97 -   ✓ Récupéré 300 observations
2026-05-19 10:58:42 | DEBUG    | __main__:telecharger_observations_espece:97 -   ✓ Récupéré 600 observations
2026-05-19 10:58:43 | DEBUG    | __main__:telecharger_observations_espece:97 -   ✓ Récupéré 900 observations
2026-05-19 10:58:45 | DEBUG    | __main__:telecharger_observations_espece:97 -   ✓ Récupéré 1200 observations
2026-05-19 10:58:47 | DEBUG    | __main__:telecharger_observations_espece:97 -   ✓ Récupéré 1500 observations
2026-05-19 10:58:48 | DEBUG    | __main__:telecharger_observations_espece:97 -   ✓ Récupéré 1800 observations
2026-05-19 10:58:50 | DEBUG    | __main__:telecharger_observations_espece:97 -   ✓ Récupéré 2100 observations
2026-05-19 10:58:52 | DEBUG    | __main__:telecharger_observations_espece:97 -   ✓ Récupéré 2400 observations
2026-05-19 10:58:54 | DEBUG    | __main__:telecharger_observations_espece:97 -   ✓ Récupéré 2700 observations
2026-05-19 10:58:56 | DEBUG    | __main__:telecharger_observations_espece:97 -   ✓ Récupéré 3000 observations
2026-05-19 10:58:57 | DEBUG    | __main__:telecharger_observations_espece:97 -   ✓ Récupéré 3300 observations
2026-05-19 10:58:59 | DEBUG    | __main__:telecharger_observations_espece:97 -   ✓ Récupéré 3600 observations
2026-05-19 10:59:00 | DEBUG    | __main__:telecharger_observations_espece:97 -   ✓ Récupéré 3900 observations
2026-05-19 10:59:02 | DEBUG    | __main__:telecharger_observations_espece:97 -   ✓ Récupéré 4200 observations
2026-05-19 10:59:04 | DEBUG    | __main__:telecharger_observations_espece:97 -   ✓ Récupéré 4500 observations
2026-05-19 10:59:06 | DEBUG    | __main__:telecharger_observations_espece:97 -   ✓ Récupéré 4800 observations
2026-05-19 10:59:07 | DEBUG    | __main__:telecharger_observations_espece:97 -   ✓ Récupéré 5100 observations
2026-05-19 10:59:09 | DEBUG    | __main__:telecharger_observations_espece:97 -   ✓ Récupéré 5400 observations
2026-05-19 10:59:11 | DEBUG    | __main__:telecharger_observations_espece:97 -   ✓ Récupéré 5700 observations
2026-05-19 10:59:12 | DEBUG    | __main__:telecharger_observations_espece:97 -   ✓ Récupéré 6000 observations
2026-05-19 10:59:14 | DEBUG    | __main__:telecharger_observations_espece:97 -   ✓ Récupéré 6300 observations
2026-05-19 10:59:16 | DEBUG    | __main__:telecharger_observations_espece:97 -   ✓ Récupéré 6600 observations
2026-05-19 10:59:17 | DEBUG    | __main__:telecharger_observations_espece:97 -   ✓ Récupéré 6900 observations
2026-05-19 10:59:19 | DEBUG    | __main__:telecharger_observations_espece:97 -   ✓ Récupéré 7200 observations
2026-05-19 10:59:21 | DEBUG    | __main__:telecharger_observations_espece:97 -   ✓ Récupéré 7500 observations
2026-05-19 10:59:23 | DEBUG    | __main__:telecharger_observations_espece:97 -   ✓ Récupéré 7800 observations
2026-05-19 10:59:24 | DEBUG    | __main__:telecharger_observations_espece:97 -   ✓ Récupéré 8100 observations
2026-05-19 10:59:26 | DEBUG    | __main__:telecharger_observations_espece:97 -   ✓ Récupéré 8400 observations
2026-05-19 10:59:27 | DEBUG    | __main__:telecharger_observations_espece:97 -   ✓ Récupéré 8700 observations
2026-05-19 10:59:29 | DEBUG    | __main__:telecharger_observations_espece:97 -   ✓ Récupéré 9000 observations
2026-05-19 10:59:31 | DEBUG    | __main__:telecharger_observations_espece:97 -   ✓ Récupéré 9300 observations
2026-05-19 10:59:33 | DEBUG    | __main__:telecharger_observations_espece:97 -   ✓ Récupéré 9600 observations
2026-05-19 10:59:35 | DEBUG    | __main__:telecharger_observations_espece:97 -   ✓ Récupéré 9900 observations
2026-05-19 10:59:36 | DEBUG    | __main__:telecharger_observations_espece:97 -   ✓ Récupéré 10000 observations
2026-05-19 10:59:37 | INFO     | __main__:telecharger_observations_espece:110 -   ✓ 10000 observations téléchargées pour Bergeronnette printanière
2026-05-19 10:59:37 | INFO     | __main__:executer_acquisition:225 - ✓ Données GBIF sauvegardées : C:\Users\Administrateur\Documents\Projet_RNCP\oiseaux_migrateurs_npdc\donnees\brutes\observations_gbif.csv
2026-05-19 10:59:37 | INFO     | __main__:executer_acquisition:228 - 🌦️ Téléchargement météo Open-Meteo...
2026-05-19 10:59:39 | INFO     | __main__:executer_acquisition:243 - ✓ Données météo sauvegardées : C:\Users\Administrateur\Documents\Projet_RNCP\oiseaux_migrateurs_npdc\donnees\brutes\meteo_npdc.csv
2026-05-19 10:59:39 | INFO     | __main__:executer_acquisition:247 - ============================================================
2026-05-19 10:59:39 | INFO     | __main__:executer_acquisition:248 - ✓ ACQUISITION TERMINEE
2026-05-19 10:59:39 | INFO     | __main__:executer_acquisition:249 - ============================================================
