2026-03-04 08:51:14 | INFO     | __main__:executer_eda:216 - ============================================================
2026-03-04 08:51:14 | INFO     | __main__:executer_eda:217 - 📊 DEBUT ANALYSE EXPLORATOIRE
2026-03-04 08:51:14 | INFO     | __main__:executer_eda:218 - ============================================================
2026-03-04 08:51:14 | INFO     | __main__:charger_donnees:52 - ✓ Observations chargées : 9997
2026-03-04 08:51:14 | INFO     | __main__:charger_donnees:53 - ✓ Grille chargée : 283920
2026-03-04 08:51:14 | INFO     | __main__:executer_eda:230 - 
--- SAISONNALITE ---
2026-03-04 08:51:14 | INFO     | __main__:analyser_saisonnalite:59 - 📊 Analyse saisonnalité...
2026-03-04 08:51:15 | INFO     | __main__:analyser_saisonnalite:91 -   ✓ Graphique saisonnalité sauvegardé
2026-03-04 08:51:15 | INFO     | __main__:executer_eda:233 - 
--- CARTE DENSITE ---
2026-03-04 08:51:15 | INFO     | __main__:executer_eda:236 - 
--- TESTS STATISTIQUES ---
2026-03-04 08:51:15 | INFO     | __main__:test_independance_chi2:190 - 📈 Tests d'indépendance (χ²)...
2026-03-04 08:51:15 | INFO     | __main__:test_independance_chi2:200 -   χ² = 0.0000, p-value = 1.00e+00, ddl = 0
2026-03-04 08:51:15 | INFO     | __main__:test_independance_chi2:205 -   ✗ Pas de saisonnalité significative
2026-03-04 08:51:15 | INFO     | __main__:executer_eda:239 - 
============================================================
2026-03-04 08:51:15 | INFO     | __main__:executer_eda:240 - ✓ EXPLORATION TERMINEE
2026-03-04 08:51:15 | INFO     | __main__:executer_eda:241 - Sorties : C:\Users\Administrateur\Documents\Projet_RNCP\oiseaux_migrateurs_npdc\outputs\eda
2026-03-04 08:51:15 | INFO     | __main__:executer_eda:242 - ============================================================
