2026-03-03 16:45:02 | INFO     | __main__:executer_acquisition:200 - ============================================================
2026-03-03 16:45:02 | INFO     | __main__:executer_acquisition:201 - 🌍 DEBUT ACQUISITION DONNEES
2026-03-03 16:45:02 | INFO     | __main__:executer_acquisition:202 - ============================================================
2026-03-03 16:45:02 | INFO     | __main__:telecharger_observations_espece:61 - 🐦 Téléchargement Hirondelle rustique...
2026-03-03 16:45:03 | INFO     | __main__:telecharger_observations_espece:110 -   ✓ 0 observations téléchargées pour Hirondelle rustique
2026-03-03 16:45:03 | INFO     | __main__:telecharger_observations_espece:61 - 🐦 Téléchargement Cigogne blanche...
2026-03-03 16:45:04 | DEBUG    | __main__:telecharger_observations_espece:97 -   ✓ Récupéré 300 observations
2026-03-03 16:45:06 | DEBUG    | __main__:telecharger_observations_espece:97 -   ✓ Récupéré 600 observations
2026-03-03 16:45:08 | DEBUG    | __main__:telecharger_observations_espece:97 -   ✓ Récupéré 900 observations
2026-03-03 16:45:10 | DEBUG    | __main__:telecharger_observations_espece:97 -   ✓ Récupéré 1200 observations
2026-03-03 16:45:12 | DEBUG    | __main__:telecharger_observations_espece:97 -   ✓ Récupéré 1500 observations
2026-03-03 16:45:14 | DEBUG    | __main__:telecharger_observations_espece:97 -   ✓ Récupéré 1800 observations
2026-03-03 16:45:15 | DEBUG    | __main__:telecharger_observations_espece:97 -   ✓ Récupéré 2100 observations
2026-03-03 16:45:17 | DEBUG    | __main__:telecharger_observations_espece:97 -   ✓ Récupéré 2400 observations
2026-03-03 16:45:19 | DEBUG    | __main__:telecharger_observations_espece:97 -   ✓ Récupéré 2700 observations
2026-03-03 16:45:21 | DEBUG    | __main__:telecharger_observations_espece:97 -   ✓ Récupéré 3000 observations
2026-03-03 16:45:23 | DEBUG    | __main__:telecharger_observations_espece:97 -   ✓ Récupéré 3300 observations
2026-03-03 16:45:25 | DEBUG    | __main__:telecharger_observations_espece:97 -   ✓ Récupéré 3600 observations
2026-03-03 16:45:27 | DEBUG    | __main__:telecharger_observations_espece:97 -   ✓ Récupéré 3900 observations
2026-03-03 16:45:29 | DEBUG    | __main__:telecharger_observations_espece:97 -   ✓ Récupéré 4200 observations
2026-03-03 16:45:31 | DEBUG    | __main__:telecharger_observations_espece:97 -   ✓ Récupéré 4500 observations
2026-03-03 16:45:32 | DEBUG    | __main__:telecharger_observations_espece:97 -   ✓ Récupéré 4800 observations
2026-03-03 16:45:34 | DEBUG    | __main__:telecharger_observations_espece:97 -   ✓ Récupéré 5100 observations
2026-03-03 16:45:36 | DEBUG    | __main__:telecharger_observations_espece:97 -   ✓ Récupéré 5400 observations
2026-03-03 16:45:38 | DEBUG    | __main__:telecharger_observations_espece:97 -   ✓ Récupéré 5700 observations
2026-03-03 16:45:40 | DEBUG    | __main__:telecharger_observations_espece:97 -   ✓ Récupéré 6000 observations
2026-03-03 16:45:41 | DEBUG    | __main__:telecharger_observations_espece:97 -   ✓ Récupéré 6300 observations
2026-03-03 16:45:44 | DEBUG    | __main__:telecharger_observations_espece:97 -   ✓ Récupéré 6600 observations
2026-03-03 16:45:45 | DEBUG    | __main__:telecharger_observations_espece:97 -   ✓ Récupéré 6900 observations
2026-03-03 16:45:47 | DEBUG    | __main__:telecharger_observations_espece:97 -   ✓ Récupéré 7200 observations
2026-03-03 16:45:49 | DEBUG    | __main__:telecharger_observations_espece:97 -   ✓ Récupéré 7500 observations
2026-03-03 16:45:51 | DEBUG    | __main__:telecharger_observations_espece:97 -   ✓ Récupéré 7800 observations
2026-03-03 16:45:53 | DEBUG    | __main__:telecharger_observations_espece:97 -   ✓ Récupéré 8100 observations
2026-03-03 16:45:55 | DEBUG    | __main__:telecharger_observations_espece:97 -   ✓ Récupéré 8400 observations
2026-03-03 16:45:57 | DEBUG    | __main__:telecharger_observations_espece:97 -   ✓ Récupéré 8700 observations
2026-03-03 16:45:59 | DEBUG    | __main__:telecharger_observations_espece:97 -   ✓ Récupéré 9000 observations
2026-03-03 16:46:00 | DEBUG    | __main__:telecharger_observations_espece:97 -   ✓ Récupéré 9300 observations
2026-03-03 16:46:02 | DEBUG    | __main__:telecharger_observations_espece:97 -   ✓ Récupéré 9600 observations
2026-03-03 16:46:04 | DEBUG    | __main__:telecharger_observations_espece:97 -   ✓ Récupéré 9900 observations
2026-03-03 16:46:05 | DEBUG    | __main__:telecharger_observations_espece:97 -   ✓ Récupéré 10000 observations
2026-03-03 16:46:06 | INFO     | __main__:telecharger_observations_espece:110 -   ✓ 10000 observations téléchargées pour Cigogne blanche
2026-03-03 16:46:06 | INFO     | __main__:telecharger_observations_espece:61 - 🐦 Téléchargement Martinet noir...
2026-03-03 16:46:07 | INFO     | __main__:telecharger_observations_espece:110 -   ✓ 0 observations téléchargées pour Martinet noir
2026-03-03 16:46:07 | INFO     | __main__:telecharger_observations_espece:61 - 🐦 Téléchargement Bergeronnette printanière...
2026-03-03 16:46:08 | INFO     | __main__:telecharger_observations_espece:110 -   ✓ 0 observations téléchargées pour Bergeronnette printanière
2026-03-03 16:46:08 | INFO     | __main__:executer_acquisition:221 - ✓ Données GBIF sauvegardées : C:\Users\Administrateur\Documents\Projet_RNCP\oiseaux_migrateurs_npdc\donnees\brutes\observations_gbif.csv
2026-03-03 16:46:08 | INFO     | __main__:executer_acquisition:223 - ============================================================
2026-03-03 16:46:08 | INFO     | __main__:executer_acquisition:224 - ✓ ACQUISITION TERMINEE
2026-03-03 16:46:08 | INFO     | __main__:executer_acquisition:225 - ============================================================
